// Jest Snapshot v1, https://goo.gl/fbAQLP

exports[`OTPInput Component matches snapshot 1`] = `
<View
  style={
    [
      {
        "alignItems": "flex-start",
        "flexDirection": "row",
        "gap": 18,
        "marginBottom": 14.4,
        "marginLeft": 0,
      },
      undefined,
    ]
  }
>
  <TextInput
    autoFocus={true}
    keyboardType="number-pad"
    maxLength={1}
    onChangeText={[Function]}
    returnKeyType="next"
    style={
      [
        {
          "backgroundColor": "#fff",
          "borderColor": "#888",
          "borderRadius": 14.4,
          "borderWidth": 2,
          "fontSize": 28.8,
          "height": 61.2,
          "textAlign": "center",
          "width": 61.2,
        },
        undefined,
        {},
        {
          "borderColor": "#000",
        },
      ]
    }
    value="1"
  />
  <TextInput
    autoFocus={false}
    keyboardType="number-pad"
    maxLength={1}
    onChangeText={[Function]}
    returnKeyType="next"
    style={
      [
        {
          "backgroundColor": "#fff",
          "borderColor": "#888",
          "borderRadius": 14.4,
          "borderWidth": 2,
          "fontSize": 28.8,
          "height": 61.2,
          "textAlign": "center",
          "width": 61.2,
        },
        undefined,
        {},
        {
          "borderColor": "#000",
        },
      ]
    }
    value="2"
  />
  <TextInput
    autoFocus={false}
    keyboardType="number-pad"
    maxLength={1}
    onChangeText={[Function]}
    returnKeyType="next"
    style={
      [
        {
          "backgroundColor": "#fff",
          "borderColor": "#888",
          "borderRadius": 14.4,
          "borderWidth": 2,
          "fontSize": 28.8,
          "height": 61.2,
          "textAlign": "center",
          "width": 61.2,
        },
        undefined,
        {},
        {
          "borderColor": "#000",
        },
      ]
    }
    value="3"
  />
  <TextInput
    autoFocus={false}
    keyboardType="number-pad"
    maxLength={1}
    onChangeText={[Function]}
    returnKeyType="next"
    style={
      [
        {
          "backgroundColor": "#fff",
          "borderColor": "#888",
          "borderRadius": 14.4,
          "borderWidth": 2,
          "fontSize": 28.8,
          "height": 61.2,
          "textAlign": "center",
          "width": 61.2,
        },
        undefined,
        {},
        {
          "borderColor": "#000",
        },
      ]
    }
    value="4"
  />
</View>
`;
