// Jest Snapshot v1, https://goo.gl/fbAQLP

exports[`PrimaryButton Component matches snapshot 1`] = `
<View
  accessibilityState={
    {
      "busy": undefined,
      "checked": undefined,
      "disabled": undefined,
      "expanded": undefined,
      "selected": undefined,
    }
  }
  accessibilityValue={
    {
      "max": undefined,
      "min": undefined,
      "now": undefined,
      "text": undefined,
    }
  }
  accessible={true}
  collapsable={false}
  focusable={true}
  onClick={[Function]}
  onResponderGrant={[Function]}
  onResponderMove={[Function]}
  onResponderRelease={[Function]}
  onResponderTerminate={[Function]}
  onResponderTerminationRequest={[Function]}
  onStartShouldSetResponder={[Function]}
  style={
    {
      "alignItems": "center",
      "backgroundColor": "#8170FF",
      "borderRadius": 21.6,
      "height": 43.2,
      "justifyContent": "center",
      "marginVertical": 7.2,
      "opacity": 1,
    }
  }
>
  <Text
    style={
      [
        {
          "color": "#fff",
          "fontSize": 14.4,
          "fontWeight": "600",
        },
        undefined,
      ]
    }
  >
    Test
  </Text>
</View>
`;
